Microchip MPLAB XC8 Compiler V2.41

Linker command line:

-W-3 \
  --edf=C:\Program Files\Microchip\xc8\v2.41\pic\dat\20230208172133_en.msgs \
  -cn -h+dist/default/production\Prog_SAE1_Robot_pour_etus.X.production.sym \
  --cmf=dist/default/production\Prog_SAE1_Robot_pour_etus.X.production.cmf \
  -z -Q18F47K40 -oC:\Users\guill\AppData\Local\Temp\xcAs5t4.\driver_tmp_3.o \
  --defsym=__MPLAB_BUILD=1 --fixupoverflow=error \
  -Mdist/default/production/Prog_SAE1_Robot_pour_etus.X.production.map \
  --md=C:\Users\guill\AppData\Local\Temp\xcAs5t4.\driver_tmp_0.dat -E1 \
  -ver=XC8 Compiler --acfsm=1493 -ACODE=00h-01FFFFh -ACONST=00h-01FFFFh \
  -ASMALLCONST=0F00h-0FFFhx497 -AMEDIUMCONST=0F00h-0FFFFh,010F00h-01FFFFh \
  -ACOMRAM=01h-05Fh -AABS1=00h-0E87h -ABIGRAM=01h-0E87h \
  -ARAM=060h-0FFh,0100h-01FFhx13,0E00h-0E87h -ABANK0=060h-0FFh \
  -ABANK1=0100h-01FFh -ABANK2=0200h-02FFh -ABANK3=0300h-03FFh \
  -ABANK4=0400h-04FFh -ABANK5=0500h-05FFh -ABANK6=0600h-06FFh \
  -ABANK7=0700h-07FFh -ABANK8=0800h-08FFh -ABANK9=0900h-09FFh \
  -ABANK10=0A00h-0AFFh -ABANK11=0B00h-0BFFh -ABANK12=0C00h-0CFFh \
  -ABANK13=0D00h-0DFFh -ABANK14=0E00h-0E87h \
  -ASFR=0E8Dh-0EFFh,0F00h-0F5Fh,0F60h-0FFFh -ABIGSFR=0E8Dh-0FFFh \
  -ACONFIG=0300000h-030000Bh -AIDLOC=0200000h-020000Fh \
  -AEEDATA=0310000h-03103FFh -peeprom_data=EEDATA \
  -preset_vec=00h,intcode=08h,intcodelo,powerup,init -pramtop=0F00h \
  -psmallconst=SMALLCONST -pmediumconst=MEDIUMCONST -pconst=CONST \
  -AFARRAM=00h-00h \
  -prdata=COMRAM,nvrram=COMRAM,nvbit=COMRAM,rbss=COMRAM,rbit=COMRAM \
  -pfarbss=FARRAM,fardata=FARRAM,nvFARRAM=FARRAM \
  -pintsave_regs=BIGRAM,bigbss=BIGRAM,bigdata=BIGRAM -pbss=RAM \
  -pidata=CODE,irdata=CODE,ibigdata=CODE,ifardata=CODE -prparam=COMRAM \
  C:\Users\guill\AppData\Local\Temp\xcAs5t4.\driver_tmp_9.o \
  dist/default/production\Prog_SAE1_Robot_pour_etus.X.production.o 

Object code version is 3.11

Machine type is 18F47K40



                Name                               Link     Load   Length Selector   Space Scale
C:\Users\guill\AppData\Local\Temp\xcAs5t4.\driver_tmp_9.o
                idloc                            200000   200000       10        0       5
                config                           300000   300000        C        0       4
                init                                 D2       D2        4        4       0
                reset_vec                             0        0        4        0       0
dist/default/production\Prog_SAE1_Robot_pour_etus.X.production.o
                intcode                               8        8       CA        4       0
                idloc                            200000   200000       10        0       5
                config                           300000   300000        C        0       4
                temp                                 5A       5A        1        1       1
                smallconst                          F00      F00        A      780       0
                text85                             33C4     33C4       22      785       0
                text84                             367A     367A        6     1B37       0
                text83                             3698     3698        2     1B37       0
                text82                             3674     3674        6     1B37       0
                text81                             2C04     2C04       9E      785       0
                text80                             3236     3236       2E      785       0
                text79                             366E     366E        6     1B37       0
                text78                             34F0     34F0       1A      785       0
                text77                             3084     3084       40      785       0
                text76                             22F6     22F6      24E      785       0
                text75                             3426     3426       20      785       0
                text74                             3690     3690        4     1B37       0
                text73                             368C     368C        4     1B37       0
                text72                             34D4     34D4       1C      785       0
                text71                             29C2     29C2       CC      785       0
                text70                             2E86     2E86       50      785       0
                text69                             32E2     32E2       2A      785       0
                text68                             2FB6     2FB6       4A      785       0
                text67                             32B8     32B8       2A      785       0
                text66                             3696     3696        2     1B37       0
                text65                             328E     328E       2A      785       0
                text64                             3406     3406       20      785       0
                text63                             3688     3688        4     1B37       0
                text62                             3684     3684        4     1B37       0
                text61                             34B8     34B8       1C      785       0
                text60                             2E36     2E36       50      785       0
                text59                             3264     3264       2A      785       0
                text58                             335C     335C       24      785       0
                text57                             3576     3576       14      785       0
                text56                             3204     3204       32      785       0
                text55                             349C     349C       1C      785       0
                text54                             319E     319E       34      785       0
                text53                             3480     3480       1C      785       0
                text52                             316A     316A       34      785       0
                text51                             33A2     33A2       22      785       0
                text50                             3380     3380       22      785       0
                text49                             1D44     1D44      30C      785       0
                text48                             16E4     16E4      352      785       0
                text47                             2B4A     2B4A       BA      785       0
                text46                             2688     2688      140      785       0
                text45                             2050     2050      2A6      785       0
                text44                             3334     3334       28      785       0
                text42                             330C     330C       28      785       0
                text41                             3042     3042       42      785       0
                text40                             3562     3562       14      785       0
                text39                             2ED6     2ED6       4C      785       0
                text38                             3656     3656        E      785       0
                text37                             3648     3648        E      785       0
                text36                             363A     363A        E      785       0
                text35                             362C     362C        E      785       0
                text34                             361E     361E        E      785       0
                text33                             2CA2     2CA2       9A      785       0
                text32                             3134     3134       36      785       0
                text31                             3680     3680        4     1B37       0
                text30                             350A     350A       18      785       0
                text29                             3610     3610        E      785       0
                text28                             3602     3602        E      785       0
                text27                             35F4     35F4        E      785       0
                text26                             35E6     35E6        E      785       0
                text25                             27C8     27C8      104      785       0
                text24                             3464     3464       1C      785       0
                text23                             3538     3538       16      785       0
                text22                             3522     3522       16      785       0
                text21                             35D8     35D8        E      785       0
                text20                             3000     3000       42      785       0
                text19                             35CA     35CA        E      785       0
                text18                             2F6C     2F6C       4A      785       0
                text17                             3446     3446       1E      785       0
                text16                             35BC     35BC        E      785       0
                text15                             2F22     2F22       4A      785       0
                text14                             35AE     35AE        E      785       0
                text13                             31D2     31D2       32      785       0
                text12                             30C4     30C4       3A      785       0
                text11                             359C     359C       12      785       0
                text10                             1A36     1A36      30E      785       0
                text9                              1390     1390      354      785       0
                text8                              2A8E     2A8E       BC      785       0
                text7                              2544     2544      144      785       0
                text6                              2D3C     2D3C       94      785       0
                text5                              30FE     30FE       36      785       0
                text4                              33E6     33E6       20      785       0
                text3                              28CC     28CC       F6      785       0
                text2                              358A     358A       12      785       0
                text1                              354E     354E       14      785       0
                text0                               F0A      F0A      486      785       0
                cstackCOMRAM                          1        1       4B        1       1
                cstackBANK0                          60       60       75       60       1
                dataBANK1                           1D9      1D9        9      100       1
                bssBANK1                            100      100       B2      100       1
                dataBANK0                            FD       FD        2       60       1
                bssBANK0                             D5       D5       28       60       1
                bssCOMRAM                            4C       4C        E        1       1
                cinit                              2DD0     2DD0       66      785       0
                nvBANK1                             1B2      1B2       27      100       1
                idataBANK1                         3664     3664        9      785       0
                idataBANK0                         3694     3694        2     1B37       0

TOTAL           Name                               Link     Load   Length     Space
        CLASS   CODE           
                intcode                               8        8       CA         0
                init                                 D2       D2        4         0
                reset_vec                             0        0        4         0
                text85                             33C4     33C4       22         0
                text84                             367A     367A        6         0
                text83                             3698     3698        2         0
                text82                             3674     3674        6         0
                text81                             2C04     2C04       9E         0
                text80                             3236     3236       2E         0
                text79                             366E     366E        6         0
                text78                             34F0     34F0       1A         0
                text77                             3084     3084       40         0
                text76                             22F6     22F6      24E         0
                text75                             3426     3426       20         0
                text74                             3690     3690        4         0
                text73                             368C     368C        4         0
                text72                             34D4     34D4       1C         0
                text71                             29C2     29C2       CC         0
                text70                             2E86     2E86       50         0
                text69                             32E2     32E2       2A         0
                text68                             2FB6     2FB6       4A         0
                text67                             32B8     32B8       2A         0
                text66                             3696     3696        2         0
                text65                             328E     328E       2A         0
                text64                             3406     3406       20         0
                text63                             3688     3688        4         0
                text62                             3684     3684        4         0
                text61                             34B8     34B8       1C         0
                text60                             2E36     2E36       50         0
                text59                             3264     3264       2A         0
                text58                             335C     335C       24         0
                text57                             3576     3576       14         0
                text56                             3204     3204       32         0
                text55                             349C     349C       1C         0
                text54                             319E     319E       34         0
                text53                             3480     3480       1C         0
                text52                             316A     316A       34         0
                text51                             33A2     33A2       22         0
                text50                             3380     3380       22         0
                text49                             1D44     1D44      30C         0
                text48                             16E4     16E4      352         0
                text47                             2B4A     2B4A       BA         0
                text46                             2688     2688      140         0
                text45                             2050     2050      2A6         0
                text44                             3334     3334       28         0
                text42                             330C     330C       28         0
                text41                             3042     3042       42         0
                text40                             3562     3562       14         0
                text39                             2ED6     2ED6       4C         0
                text38                             3656     3656        E         0
                text37                             3648     3648        E         0
                text36                             363A     363A        E         0
                text35                             362C     362C        E         0
                text34                             361E     361E        E         0
                text33                             2CA2     2CA2       9A         0
                text32                             3134     3134       36         0
                text31                             3680     3680        4         0
                text30                             350A     350A       18         0
                text29                             3610     3610        E         0
                text28                             3602     3602        E         0
                text27                             35F4     35F4        E         0
                text26                             35E6     35E6        E         0
                text25                             27C8     27C8      104         0
                text24                             3464     3464       1C         0
                text23                             3538     3538       16         0
                text22                             3522     3522       16         0
                text21                             35D8     35D8        E         0
                text20                             3000     3000       42         0
                text19                             35CA     35CA        E         0
                text18                             2F6C     2F6C       4A         0
                text17                             3446     3446       1E         0
                text16                             35BC     35BC        E         0
                text15                             2F22     2F22       4A         0
                text14                             35AE     35AE        E         0
                text13                             31D2     31D2       32         0
                text12                             30C4     30C4       3A         0
                text11                             359C     359C       12         0
                text10                             1A36     1A36      30E         0
                text9                              1390     1390      354         0
                text8                              2A8E     2A8E       BC         0
                text7                              2544     2544      144         0
                text6                              2D3C     2D3C       94         0
                text5                              30FE     30FE       36         0
                text4                              33E6     33E6       20         0
                text3                              28CC     28CC       F6         0
                text2                              358A     358A       12         0
                text1                              354E     354E       14         0
                text0                               F0A      F0A      486         0
                cinit                              2DD0     2DD0       66         0
                idataBANK1                         3664     3664        9         0
                idataBANK0                         3694     3694        2         0

        CLASS   CONST          

        CLASS   SMALLCONST     
                smallconst                          F00      F00        A         0

        CLASS   MEDIUMCONST    

        CLASS   COMRAM         
                temp                                 5A       5A        1         1
                cstackCOMRAM                          1        1       4B         1
                bssCOMRAM                            4C       4C        E         1

        CLASS   ABS1           

        CLASS   BIGRAM         

        CLASS   RAM            

        CLASS   BANK0          
                cstackBANK0                          60       60       75         1
                dataBANK0                            FD       FD        2         1
                bssBANK0                             D5       D5       28         1

        CLASS   BANK1          
                dataBANK1                           1D9      1D9        9         1
                bssBANK1                            100      100       B2         1
                nvBANK1                             1B2      1B2       27         1

        CLASS   BANK2          

        CLASS   BANK3          

        CLASS   BANK4          

        CLASS   BANK5          

        CLASS   BANK6          

        CLASS   BANK7          

        CLASS   BANK8          

        CLASS   BANK9          

        CLASS   BANK10         

        CLASS   BANK11         

        CLASS   BANK12         

        CLASS   BANK13         

        CLASS   BANK14         

        CLASS   SFR            

        CLASS   BIGSFR         

        CLASS   CONFIG         
                config                           300000   300000        C         4

        CLASS   IDLOC          
                idloc                            200000   200000       10         5

        CLASS   EEDATA         

        CLASS   FARRAM         

        CLASS   HEAP           

        CLASS   STACK          



SEGMENTS        Name                           Load    Length   Top    Selector   Space  Class

                reset_vec                      000000  000004  000004         0       0  CODE    
                cstackCOMRAM                   000001  00005A  00005B         1       1  COMRAM  
                intcode                        000008  0000CE  0000D6         4       0  CODE    
                cstackBANK0                    000060  00009F  0000FF        60       1  BANK0   
                bssBANK1                       000100  0000E2  0001E2       100       1  BANK1   
                smallconst                     000F00  00000A  000F0A       780       0  SMALLCON
                text0                          000F0A  002763  00366D       785       0  CODE    
                text79                         00366E  00002C  00369A      1B37       0  CODE    


UNUSED ADDRESS RANGES

        Name                Unused          Largest block    Delta
        BANK0            0000FF-0000FF                1
        BANK1            0001E2-0001FF               1E
        BANK10           000A00-000AFF              100
        BANK11           000B00-000BFF              100
        BANK12           000C00-000CFF              100
        BANK13           000D00-000DFF              100
        BANK14           000E00-000E87               88
        BANK2            000200-0002FF              100
        BANK3            000300-0003FF              100
        BANK4            000400-0004FF              100
        BANK5            000500-0005FF              100
        BANK6            000600-0006FF              100
        BANK7            000700-0007FF              100
        BANK8            000800-0008FF              100
        BANK9            000900-0009FF              100
        BIGRAM           00005B-00005F                5
                         0000FF-0000FF                1
                         0001E2-000E87              CA6
        BIGSFR           000E8D-000FFF              173
        CODE             000004-000007                4
                         0000D6-000EFF              E2A
                         00366D-00366D                1
                         00369A-01FFFF            1C966
        COMRAM           00005B-00005F                5
        CONST            000004-000007                4
                         0000D6-000EFF              E2A
                         00366D-00366D                1
                         00369A-01FFFF            1C966
        EEDATA           310000-3103FF              400
        MEDIUMCONST      00366D-00366D                1
                         00369A-00FFFF             C966
                         010F00-01FFFF             F100
        RAM              0000FF-0000FF                1
                         0001E2-000E87              100
        SFR              000E8D-000FFF               73
        SMALLCONST       00366D-00366D                1
                         00369A-01FFFF              100

                                  Symbol Table

?_ADCC_GetSingleConversion                      cstackBANK0  000060
?_TMR1_ReadTimer                                cstackCOMRAM 000001
?_TMR3_ReadTimer                                cstackCOMRAM 000001
?___aldiv                                       cstackCOMRAM 000009
?___fladd                                       cstackBANK0  000087
?___flmul                                       cstackBANK0  00006E
?___fltol                                       cstackBANK0  000097
?___xxtofl                                      cstackBANK0  000060
?_millis                                        cstackBANK0  000060
?i2___fladd                                     cstackCOMRAM 000028
?i2___flmul                                     cstackCOMRAM 00000F
?i2___fltol                                     cstackCOMRAM 000038
?i2___xxtofl                                    cstackCOMRAM 000001
ADCC_GetSingleConversion@channel                cstackBANK0  000064
EUSART1_SetErrorHandler@interruptHandler        cstackBANK0  000060
EUSART1_SetFramingErrorHandler@interruptHandler cstackBANK0  000060
EUSART1_SetOverrunErrorHandler@interruptHandler cstackBANK0  000060
EUSART1_SetRxInterruptHandler@interruptHandler  cstackBANK0  000060
EUSART1_SetTxInterruptHandler@interruptHandler  cstackBANK0  000060
I2C1_ISR@i2c_10bit_address_restart              bssCOMRAM    000054
I2C1_ISR@i2c_address                            bssCOMRAM    000058
I2C1_ISR@i2c_bytes_left                         bssCOMRAM    000055
I2C1_ISR@pi2c_buf_ptr                           bssBANK0     0000EE
I2C1_MasterRead@trBlock                         bssBANK1     0001A3
I2C1_MasterWrite@trBlock                        bssBANK1     0001A8
I2C1_Stop@completion_code                       cstackCOMRAM 000003
IOCAF5_SetInterruptHandler@InterruptHandler     cstackBANK0  000060
IOCAF6_SetInterruptHandler@InterruptHandler     cstackBANK0  000060
IOCAF7_SetInterruptHandler@InterruptHandler     cstackBANK0  000060
IOCCF0_SetInterruptHandler@InterruptHandler     cstackBANK0  000060
LED@io                                          cstackBANK0  000063
LED@on_off                                      cstackBANK0  000060
Motors@on_off                                   cstackBANK0  000060
PWM1_LoadDutyValue@dutyValue                    cstackCOMRAM 000001
PWM2_LoadDutyValue@dutyValue                    cstackCOMRAM 000001
Speed_Motors@Cons_Vit_Mot_D                     cstackBANK0  0000A3
Speed_Motors@Cons_Vit_Mot_G                     cstackBANK0  0000A1
TMR0_SetInterruptHandler@InterruptHandler       cstackBANK0  000060
TMR1_ReadTimer@readVal                          cstackCOMRAM 000005
TMR1_ReadTimer@readValHigh                      cstackCOMRAM 000007
TMR1_ReadTimer@readValLow                       cstackCOMRAM 000008
TMR1_SetInterruptHandler@InterruptHandler       cstackBANK0  000060
TMR1_WriteTimer@timerVal                        cstackCOMRAM 000001
TMR3_ReadTimer@readVal                          cstackCOMRAM 000005
TMR3_ReadTimer@readValHigh                      cstackCOMRAM 000007
TMR3_ReadTimer@readValLow                       cstackCOMRAM 000008
TMR3_SetInterruptHandler@InterruptHandler       cstackBANK0  000060
TMR3_WriteTimer@timerVal                        cstackCOMRAM 000001
TMR4_SetInterruptHandler@InterruptHandler       cstackBANK0  000060
_ADACCH                                         (abs)        000F71
_ADACCL                                         (abs)        000F70
_ADACQ                                          (abs)        000F5C
_ADACT                                          (abs)        000F56
_ADCAP                                          (abs)        000F5D
_ADCC_GetSingleConversion                       text42       00330C
_ADCC_Initialize                                text39       002ED6
_ADCLK                                          (abs)        000F57
_ADCNT                                          (abs)        000F67
_ADCON0                                         (abs)        000F60
_ADCON0bits                                     (abs)        000F60
_ADCON1                                         (abs)        000F59
_ADCON1bits                                     (abs)        000F59
_ADCON2                                         (abs)        000F5A
_ADCON2bits                                     (abs)        000F5A
_ADCON3                                         (abs)        000F5B
_ADCON3bits                                     (abs)        000F5B
_ADERRH                                         (abs)        000F6F
_ADERRL                                         (abs)        000F6E
_ADFLTRH                                        (abs)        000F73
_ADFLTRL                                        (abs)        000F72
_ADLTHH                                         (abs)        000F6B
_ADLTHL                                         (abs)        000F6A
_ADPCH                                          (abs)        000F5F
_ADPRE                                          (abs)        000F5E
_ADPREVH                                        (abs)        000F62
_ADPREVL                                        (abs)        000F61
_ADREF                                          (abs)        000F58
_ADRESH                                         (abs)        000F64
_ADRESL                                         (abs)        000F63
_ADRPT                                          (abs)        000F66
_ADSTAT                                         (abs)        000F65
_ADSTATbits                                     (abs)        000F65
_ADSTPTH                                        (abs)        000F69
_ADSTPTL                                        (abs)        000F68
_ADUTHH                                         (abs)        000F6D
_ADUTHL                                         (abs)        000F6C
_ANSELA                                         (abs)        000F11
_ANSELB                                         (abs)        000F19
_ANSELC                                         (abs)        000F21
_ANSELD                                         (abs)        000F26
_ANSELE                                         (abs)        000F2E
_Ancienne_Erreur_Vitesse_Moteur_D               bssBANK0     0000E0
_Ancienne_Erreur_Vitesse_Moteur_G               bssBANK0     0000E4
_BAUD1CON                                       (abs)        000F9F
_CCP1CON                                        (abs)        000FAC
_CCP1CONbits                                    (abs)        000FAC
_CCP2CON                                        (abs)        000FA8
_CCP2CONbits                                    (abs)        000FA8
_CCPR1H                                         (abs)        000FAB
_CCPR1L                                         (abs)        000FAA
_CCPR2H                                         (abs)        000FA7
_CCPR2L                                         (abs)        000FA6
_CCPTMRSbits                                    (abs)        000FAE
_Consigne_Vitesse_Moteur_D                      bssBANK0     0000E8
_Consigne_Vitesse_Moteur_G                      bssBANK0     0000EA
_DMD                                            bssBANK1     000118
_DMG                                            bssBANK1     00011C
_EUSART1_DefaultErrorHandler                    text84       00367A
_EUSART1_DefaultFramingErrorHandler             text83       003698
_EUSART1_DefaultOverrunErrorHandler             text82       003674
_EUSART1_ErrorHandler                           nvBANK1      0001BB
_EUSART1_FramingErrorHandler                    nvBANK1      0001C1
_EUSART1_Initialize                             text33       002CA2
_EUSART1_OverrunErrorHandler                    nvBANK1      0001BE
_EUSART1_Receive_ISR                            text81       002C04
_EUSART1_RxDataHandler                          text85       0033C4
_EUSART1_RxDefaultInterruptHandler              nvBANK1      0001D3
_EUSART1_SetErrorHandler                        text38       003656
_EUSART1_SetFramingErrorHandler                 text37       003648
_EUSART1_SetOverrunErrorHandler                 text36       00363A
_EUSART1_SetRxInterruptHandler                  text35       00362C
_EUSART1_SetTxInterruptHandler                  text34       00361E
_EUSART1_Transmit_ISR                           text80       003236
_EUSART1_TxDefaultInterruptHandler              nvBANK1      0001D6
_Erreur_Vitesse_Moteur_D                        bssBANK0     0000E2
_Erreur_Vitesse_Moteur_G                        bssBANK0     0000E6
_GIE                                            (abs)        007F97
_I2C1_BusCollisionISR                           text79       00366E
_I2C1_FunctionComplete                          text78       0034F0
_I2C1_ISR                                       text76       0022F6
_I2C1_Initialize                                text32       003134
_I2C1_Stop                                      text77       003084
_INLVLA                                         (abs)        000F0D
_INLVLB                                         (abs)        000F15
_INLVLC                                         (abs)        000F1D
_INLVLD                                         (abs)        000F22
_INLVLE                                         (abs)        000F2A
_INTCONbits                                     (abs)        000FF2
_INTERRUPT_Initialize                           text31       003680
_INTERRUPT_InterruptManager                     intcode      000008
_IOCAF5_DefaultInterruptHandler                 text70       002E86
_IOCAF5_ISR                                     text69       0032E2
_IOCAF5_InterruptHandler                        nvBANK1      0001D0
_IOCAF5_SetInterruptHandler                     text29       003610
_IOCAF6_DefaultInterruptHandler                 text68       002FB6
_IOCAF6_ISR                                     text67       0032B8
_IOCAF6_InterruptHandler                        nvBANK1      0001CD
_IOCAF6_SetInterruptHandler                     text28       003602
_IOCAF7_DefaultInterruptHandler                 text66       003696
_IOCAF7_ISR                                     text65       00328E
_IOCAF7_InterruptHandler                        nvBANK1      0001CA
_IOCAF7_SetInterruptHandler                     text27       0035F4
_IOCAFbits                                      (abs)        000F0A
_IOCANbits                                      (abs)        000F0B
_IOCAPbits                                      (abs)        000F0C
_IOCCF0_DefaultInterruptHandler                 text60       002E36
_IOCCF0_ISR                                     text59       003264
_IOCCF0_InterruptHandler                        nvBANK1      0001C7
_IOCCF0_SetInterruptHandler                     text26       0035E6
_IOCCFbits                                      (abs)        000F1A
_IOCCNbits                                      (abs)        000F1B
_IOCCPbits                                      (abs)        000F1C
_LATA                                           (abs)        000F83
_LATAbits                                       (abs)        000F83
_LATB                                           (abs)        000F84
_LATBbits                                       (abs)        000F84
_LATC                                           (abs)        000F85
_LATCbits                                       (abs)        000F85
_LATD                                           (abs)        000F86
_LATDbits                                       (abs)        000F86
_LATE                                           (abs)        000F87
_LATEbits                                       (abs)        000F87
_LED                                            text41       003042
_Motors                                         text40       003562
_NVMADRH                                        (abs)        000F7F
_NVMADRL                                        (abs)        000F7E
_NVMCON1bits                                    (abs)        000F81
_NVMCON2                                        (abs)        000F82
_NVMDAT                                         (abs)        000F80
_ODCONA                                         (abs)        000F0F
_ODCONB                                         (abs)        000F17
_ODCONC                                         (abs)        000F1F
_ODCOND                                         (abs)        000F24
_ODCONE                                         (abs)        000F2C
_OSCCON1                                        (abs)        000ED8
_OSCCON3                                        (abs)        000EDA
_OSCEN                                          (abs)        000EDC
_OSCFRQ                                         (abs)        000EDE
_OSCILLATOR_Initialize                          text30       00350A
_OSCTUNE                                        (abs)        000EDD
_PIE0bits                                       (abs)        000EC2
_PIE3bits                                       (abs)        000EC5
_PIE4bits                                       (abs)        000EC6
_PIN_MANAGER_IOC                                text58       00335C
_PIN_MANAGER_Initialize                         text25       0027C8
_PIR0bits                                       (abs)        000ECA
_PIR3bits                                       (abs)        000ECD
_PIR4bits                                       (abs)        000ECE
_PMD0                                           (abs)        000EE1
_PMD1                                           (abs)        000EE2
_PMD2                                           (abs)        000EE3
_PMD3                                           (abs)        000EE4
_PMD4                                           (abs)        000EE5
_PMD5                                           (abs)        000EE6
_PMD_Initialize                                 text24       003464
_PORTAbits                                      (abs)        000F8D
_PORTBbits                                      (abs)        000F8E
_PORTDbits                                      (abs)        000F90
_PORTEbits                                      (abs)        000F91
_PR2                                            (abs)        000FBC
_PR4                                            (abs)        000FB6
_PWM1_Initialize                                text23       003538
_PWM1_LoadDutyValue                             text51       0033A2
_PWM2_Initialize                                text22       003522
_PWM2_LoadDutyValue                             text50       003380
_R0                                             bssBANK1     000124
_R1                                             bssBANK1     000120
_RC1PPS                                         (abs)        000EF8
_RC1REG                                         (abs)        000F99
_RC1STA                                         (abs)        000F9D
_RC1STAbits                                     (abs)        000F9D
_RC2PPS                                         (abs)        000EF9
_RC3PPS                                         (abs)        000EFA
_RC4PPS                                         (abs)        000EFB
_RC6PPS                                         (abs)        000EFD
_RX1PPS                                         (abs)        000EB5
_SLRCONA                                        (abs)        000F0E
_SLRCONB                                        (abs)        000F16
_SLRCONC                                        (abs)        000F1E
_SLRCOND                                        (abs)        000F23
_SLRCONE                                        (abs)        000F2B
_SP1BRGH                                        (abs)        000F9C
_SP1BRGL                                        (abs)        000F9B
_SSP1ADD                                        (abs)        000F93
_SSP1BUF                                        (abs)        000F92
_SSP1CLKPPS                                     (abs)        000EB7
_SSP1CON1                                       (abs)        000F96
_SSP1CON1bits                                   (abs)        000F96
_SSP1CON2bits                                   (abs)        000F97
_SSP1CON3                                       (abs)        000F98
_SSP1DATPPS                                     (abs)        000EB8
_SSP1STAT                                       (abs)        000F95
_SYSTEM_Initialize                              text12       0030C4
_Sigma_Erreur_Vitesse_Moteur_D                  dataBANK1    0001DE
_Sigma_Erreur_Vitesse_Moteur_G                  dataBANK1    0001E0
_Speed_Motors                                   text11       00359C
_T0CON0                                         (abs)        000FD5
_T0CON0bits                                     (abs)        000FD5
_T0CON1                                         (abs)        000FD6
_T1CLK                                          (abs)        000FD2
_T1CON                                          (abs)        000FCF
_T1CONbits                                      (abs)        000FCF
_T1GATE                                         (abs)        000FD1
_T1GCON                                         (abs)        000FD0
_T1GCONbits                                     (abs)        000FD0
_T2CLKCON                                       (abs)        000FBF
_T2CON                                          (abs)        000FBD
_T2CONbits                                      (abs)        000FBD
_T2HLT                                          (abs)        000FBE
_T2HLTbits                                      (abs)        000FBE
_T2PR                                           (abs)        000FBC
_T2RST                                          (abs)        000FC0
_T2RSTbits                                      (abs)        000FC0
_T2TMR                                          (abs)        000FBB
_T3CLK                                          (abs)        000FCC
_T3CON                                          (abs)        000FC9
_T3CONbits                                      (abs)        000FC9
_T3GATE                                         (abs)        000FCB
_T3GCON                                         (abs)        000FCA
_T3GCONbits                                     (abs)        000FCA
_T4CLKCON                                       (abs)        000FB9
_T4CON                                          (abs)        000FB7
_T4CONbits                                      (abs)        000FB7
_T4HLT                                          (abs)        000FB8
_T4HLTbits                                      (abs)        000FB8
_T4PR                                           (abs)        000FB6
_T4RST                                          (abs)        000FBA
_T4RSTbits                                      (abs)        000FBA
_T4TMR                                          (abs)        000FB5
_TMR0H                                          (abs)        000FD4
_TMR0L                                          (abs)        000FD3
_TMR0_DefaultInterruptHandler                   text57       003576
_TMR0_ISR                                       text56       003204
_TMR0_Initialize                                text20       003000
_TMR0_InterruptHandler                          nvBANK1      0001C4
_TMR0_SetInterruptHandler                       text21       0035D8
_TMR1H                                          (abs)        000FCE
_TMR1L                                          (abs)        000FCD
_TMR1_DefaultInterruptHandler                   text55       00349C
_TMR1_ISR                                       text54       00319E
_TMR1_Initialize                                text18       002F6C
_TMR1_InterruptHandler                          nvBANK1      0001B5
_TMR1_ReadTimer                                 text75       003426
_TMR1_SetInterruptHandler                       text19       0035CA
_TMR1_StartTimer                                text74       003690
_TMR1_StopTimer                                 text73       00368C
_TMR1_WriteTimer                                text72       0034D4
_TMR2                                           (abs)        000FBB
_TMR2_Initialize                                text17       003446
_TMR3H                                          (abs)        000FC8
_TMR3L                                          (abs)        000FC7
_TMR3_DefaultInterruptHandler                   text53       003480
_TMR3_ISR                                       text52       00316A
_TMR3_Initialize                                text15       002F22
_TMR3_InterruptHandler                          nvBANK1      0001B2
_TMR3_ReadTimer                                 text64       003406
_TMR3_SetInterruptHandler                       text16       0035BC
_TMR3_StartTimer                                text63       003688
_TMR3_StopTimer                                 text62       003684
_TMR3_WriteTimer                                text61       0034B8
_TMR4                                           (abs)        000FB5
_TMR4_DefaultInterruptHandler                   text45       002050
_TMR4_DefaultInterruptHandler$5631              cstackCOMRAM 000042
_TMR4_ISR                                       text44       003334
_TMR4_Initialize                                text13       0031D2
_TMR4_InterruptHandler                          nvBANK1      0001B8
_TMR4_SetInterruptHandler                       text14       0035AE
_TRISA                                          (abs)        000F88
_TRISB                                          (abs)        000F89
_TRISC                                          (abs)        000F8A
_TRISD                                          (abs)        000F8B
_TRISE                                          (abs)        000F8C
_TX1REG                                         (abs)        000F9A
_TX1STA                                         (abs)        000F9E
_TX1STAbits                                     (abs)        000F9E
_Vitesse_Moteur_D                               bssBANK0     0000F4
_Vitesse_Moteur_G                               bssBANK0     0000F6
_WPUA                                           (abs)        000F10
_WPUB                                           (abs)        000F18
_WPUC                                           (abs)        000F20
_WPUD                                           (abs)        000F25
_WPUE                                           (abs)        000F2D
__HRAM                                          (abs)        000000
__H__absolute__                                 __absolute__ 000000
__Habs1                                         abs1         000000
__Hbank0                                        bank0        000000
__Hbank1                                        bank1        000000
__Hbank10                                       bank10       000000
__Hbank11                                       bank11       000000
__Hbank12                                       bank12       000000
__Hbank13                                       bank13       000000
__Hbank14                                       bank14       000000
__Hbank2                                        bank2        000000
__Hbank3                                        bank3        000000
__Hbank4                                        bank4        000000
__Hbank5                                        bank5        000000
__Hbank6                                        bank6        000000
__Hbank7                                        bank7        000000
__Hbank8                                        bank8        000000
__Hbank9                                        bank9        000000
__Hbigbss                                       bigbss       000000
__Hbigdata                                      bigdata      000000
__Hbigram                                       bigram       000000
__Hbigsfr                                       bigsfr       000000
__Hbss                                          bss          000000
__HbssBANK0                                     bssBANK0     000000
__HbssBANK1                                     bssBANK1     000000
__HbssCOMRAM                                    bssCOMRAM    000000
__Hcinit                                        cinit        000000
__Hclrtext                                      clrtext      000000
__Hcomram                                       comram       000000
__Hconfig                                       config       30000C
__Hconst                                        const        000000
__HcstackBANK0                                  cstackBANK0  000000
__HcstackCOMRAM                                 cstackCOMRAM 000000
__Hdata                                         data         000000
__HdataBANK0                                    dataBANK0    000000
__HdataBANK1                                    dataBANK1    000000
__Heeprom_data                                  eeprom_data  000000
__Hfarbss                                       farbss       000000
__Hfardata                                      fardata      000000
__Hheap                                         heap         000000
__Hibigdata                                     ibigdata     000000
__Hidata                                        idata        000000
__HidataBANK0                                   idataBANK0   000000
__HidataBANK1                                   idataBANK1   000000
__Hidloc                                        idloc        200010
__Hifardata                                     ifardata     000000
__Hinit                                         init         0000D6
__Hintcode                                      intcode      0000D2
__Hintcode_body                                 intcode_body 000000
__Hintcodelo                                    intcodelo    0000D2
__Hintentry                                     intentry     000000
__Hintret                                       intret       000000
__Hintsave_regs                                 intsave_regs 000000
__Hirdata                                       irdata       000000
__Hmediumconst                                  mediumconst  000000
__HnvBANK1                                      nvBANK1      000000
__HnvFARRAM                                     nvFARRAM     000000
__Hnvbit                                        nvbit        000000
__Hnvrram                                       nvrram       000000
__Hparam                                        rparam       000000
__Hpowerup                                      powerup      0000D2
__Hram                                          ram          000000
__Hramtop                                       ramtop       000F00
__Hrbit                                         rbit         000000
__Hrbss                                         rbss         000000
__Hrdata                                        rdata        000000
__Hreset_vec                                    reset_vec    000004
__Hrparam                                       rparam       000000
__Hsfr                                          sfr          000000
__Hsmallconst                                   smallconst   000F0A
__Hspace_0                                      (abs)        00369A
__Hspace_1                                      (abs)        0001E2
__Hspace_2                                      (abs)        000000
__Hspace_4                                      (abs)        60000C
__Hstack                                        stack        000000
__Hstruct                                       struct       000000
__Htemp                                         temp         00005B
__Htext                                         text         000000
__Htext0                                        text0        000000
__Htext1                                        text1        000000
__Htext10                                       text10       000000
__Htext11                                       text11       000000
__Htext12                                       text12       000000
__Htext13                                       text13       000000
__Htext14                                       text14       000000
__Htext15                                       text15       000000
__Htext16                                       text16       000000
__Htext17                                       text17       000000
__Htext18                                       text18       000000
__Htext19                                       text19       000000
__Htext2                                        text2        000000
__Htext20                                       text20       000000
__Htext21                                       text21       000000
__Htext22                                       text22       000000
__Htext23                                       text23       000000
__Htext24                                       text24       000000
__Htext25                                       text25       000000
__Htext26                                       text26       000000
__Htext27                                       text27       000000
__Htext28                                       text28       000000
__Htext29                                       text29       000000
__Htext3                                        text3        000000
__Htext30                                       text30       000000
__Htext31                                       text31       000000
__Htext32                                       text32       000000
__Htext33                                       text33       000000
__Htext34                                       text34       000000
__Htext35                                       text35       000000
__Htext36                                       text36       000000
__Htext37                                       text37       000000
__Htext38                                       text38       000000
__Htext39                                       text39       000000
__Htext4                                        text4        000000
__Htext40                                       text40       000000
__Htext41                                       text41       000000
__Htext42                                       text42       000000
__Htext44                                       text44       000000
__Htext45                                       text45       000000
__Htext46                                       text46       000000
__Htext47                                       text47       000000
__Htext48                                       text48       000000
__Htext49                                       text49       000000
__Htext5                                        text5        000000
__Htext50                                       text50       000000
__Htext51                                       text51       000000
__Htext52                                       text52       000000
__Htext53                                       text53       000000
__Htext54                                       text54       000000
__Htext55                                       text55       000000
__Htext56                                       text56       000000
__Htext57                                       text57       000000
__Htext58                                       text58       000000
__Htext59                                       text59       000000
__Htext6                                        text6        000000
__Htext60                                       text60       000000
__Htext61                                       text61       000000
__Htext62                                       text62       000000
__Htext63                                       text63       000000
__Htext64                                       text64       000000
__Htext65                                       text65       000000
__Htext66                                       text66       000000
__Htext67                                       text67       000000
__Htext68                                       text68       000000
__Htext69                                       text69       000000
__Htext7                                        text7        000000
__Htext70                                       text70       000000
__Htext71                                       text71       000000
__Htext72                                       text72       000000
__Htext73                                       text73       000000
__Htext74                                       text74       000000
__Htext75                                       text75       000000
__Htext76                                       text76       000000
__Htext77                                       text77       000000
__Htext78                                       text78       000000
__Htext79                                       text79       000000
__Htext8                                        text8        000000
__Htext80                                       text80       000000
__Htext81                                       text81       000000
__Htext82                                       text82       000000
__Htext83                                       text83       000000
__Htext84                                       text84       000000
__Htext85                                       text85       000000
__Htext86                                       text86       000000
__Htext9                                        text9        000000
__LRAM                                          (abs)        000001
__L__absolute__                                 __absolute__ 000000
__Labs1                                         abs1         000000
__Lbank0                                        bank0        000000
__Lbank1                                        bank1        000000
__Lbank10                                       bank10       000000
__Lbank11                                       bank11       000000
__Lbank12                                       bank12       000000
__Lbank13                                       bank13       000000
__Lbank14                                       bank14       000000
__Lbank2                                        bank2        000000
__Lbank3                                        bank3        000000
__Lbank4                                        bank4        000000
__Lbank5                                        bank5        000000
__Lbank6                                        bank6        000000
__Lbank7                                        bank7        000000
__Lbank8                                        bank8        000000
__Lbank9                                        bank9        000000
__Lbigbss                                       bigbss       000000
__Lbigdata                                      bigdata      000000
__Lbigram                                       bigram       000000
__Lbigsfr                                       bigsfr       000000
__Lbss                                          bss          000000
__LbssBANK0                                     bssBANK0     000000
__LbssBANK1                                     bssBANK1     000000
__LbssCOMRAM                                    bssCOMRAM    000000
__Lcinit                                        cinit        000000
__Lclrtext                                      clrtext      000000
__Lcomram                                       comram       000000
__Lconfig                                       config       000000
__Lconst                                        const        000000
__LcstackBANK0                                  cstackBANK0  000000
__LcstackCOMRAM                                 cstackCOMRAM 000000
__Ldata                                         data         000000
__LdataBANK0                                    dataBANK0    000000
__LdataBANK1                                    dataBANK1    000000
__Leeprom_data                                  eeprom_data  000000
__Lfarbss                                       farbss       000000
__Lfardata                                      fardata      000000
__Lheap                                         heap         000000
__Libigdata                                     ibigdata     000000
__Lidata                                        idata        000000
__LidataBANK0                                   idataBANK0   000000
__LidataBANK1                                   idataBANK1   000000
__Lidloc                                        idloc        000000
__Lifardata                                     ifardata     000000
__Linit                                         init         0000D2
__Lintcode                                      intcode      000008
__Lintcode_body                                 intcode_body 000000
__Lintcodelo                                    intcodelo    0000D2
__Lintentry                                     intentry     000000
__Lintret                                       intret       000000
__Lintsave_regs                                 intsave_regs 000000
__Lirdata                                       irdata       000000
__Lmediumconst                                  mediumconst  000000
__LnvBANK1                                      nvBANK1      000000
__LnvFARRAM                                     nvFARRAM     000000
__Lnvbit                                        nvbit        000000
__Lnvrram                                       nvrram       000000
__Lparam                                        rparam       000000
__Lpowerup                                      powerup      0000D2
__Lram                                          ram          000000
__Lramtop                                       ramtop       000F00
__Lrbit                                         rbit         000000
__Lrbss                                         rbss         000000
__Lrdata                                        rdata        000000
__Lreset_vec                                    reset_vec    000000
__Lrparam                                       rparam       000000
__Lsfr                                          sfr          000000
__Lsmallconst                                   smallconst   000F00
__Lspace_0                                      (abs)        000000
__Lspace_1                                      (abs)        000000
__Lspace_2                                      (abs)        000000
__Lspace_4                                      (abs)        000000
__Lstack                                        stack        000000
__Lstruct                                       struct       000000
__Ltemp                                         temp         00005A
__Ltext                                         text         000000
__Ltext0                                        text0        000000
__Ltext1                                        text1        000000
__Ltext10                                       text10       000000
__Ltext11                                       text11       000000
__Ltext12                                       text12       000000
__Ltext13                                       text13       000000
__Ltext14                                       text14       000000
__Ltext15                                       text15       000000
__Ltext16                                       text16       000000
__Ltext17                                       text17       000000
__Ltext18                                       text18       000000
__Ltext19                                       text19       000000
__Ltext2                                        text2        000000
__Ltext20                                       text20       000000
__Ltext21                                       text21       000000
__Ltext22                                       text22       000000
__Ltext23                                       text23       000000
__Ltext24                                       text24       000000
__Ltext25                                       text25       000000
__Ltext26                                       text26       000000
__Ltext27                                       text27       000000
__Ltext28                                       text28       000000
__Ltext29                                       text29       000000
__Ltext3                                        text3        000000
__Ltext30                                       text30       000000
__Ltext31                                       text31       000000
__Ltext32                                       text32       000000
__Ltext33                                       text33       000000
__Ltext34                                       text34       000000
__Ltext35                                       text35       000000
__Ltext36                                       text36       000000
__Ltext37                                       text37       000000
__Ltext38                                       text38       000000
__Ltext39                                       text39       000000
__Ltext4                                        text4        000000
__Ltext40                                       text40       000000
__Ltext41                                       text41       000000
__Ltext42                                       text42       000000
__Ltext44                                       text44       000000
__Ltext45                                       text45       000000
__Ltext46                                       text46       000000
__Ltext47                                       text47       000000
__Ltext48                                       text48       000000
__Ltext49                                       text49       000000
__Ltext5                                        text5        000000
__Ltext50                                       text50       000000
__Ltext51                                       text51       000000
__Ltext52                                       text52       000000
__Ltext53                                       text53       000000
__Ltext54                                       text54       000000
__Ltext55                                       text55       000000
__Ltext56                                       text56       000000
__Ltext57                                       text57       000000
__Ltext58                                       text58       000000
__Ltext59                                       text59       000000
__Ltext6                                        text6        000000
__Ltext60                                       text60       000000
__Ltext61                                       text61       000000
__Ltext62                                       text62       000000
__Ltext63                                       text63       000000
__Ltext64                                       text64       000000
__Ltext65                                       text65       000000
__Ltext66                                       text66       000000
__Ltext67                                       text67       000000
__Ltext68                                       text68       000000
__Ltext69                                       text69       000000
__Ltext7                                        text7        000000
__Ltext70                                       text70       000000
__Ltext71                                       text71       000000
__Ltext72                                       text72       000000
__Ltext73                                       text73       000000
__Ltext74                                       text74       000000
__Ltext75                                       text75       000000
__Ltext76                                       text76       000000
__Ltext77                                       text77       000000
__Ltext78                                       text78       000000
__Ltext79                                       text79       000000
__Ltext8                                        text8        000000
__Ltext80                                       text80       000000
__Ltext81                                       text81       000000
__Ltext82                                       text82       000000
__Ltext83                                       text83       000000
__Ltext84                                       text84       000000
__Ltext85                                       text85       000000
__Ltext86                                       text86       000000
__Ltext9                                        text9        000000
__S0                                            (abs)        00369A
__S1                                            (abs)        0001E2
__S4                                            (abs)        000000
__S5                                            (abs)        000000
___aldiv                                        text71       0029C2
___aldiv@counter                                cstackCOMRAM 000011
___aldiv@dividend                               cstackCOMRAM 000009
___aldiv@divisor                                cstackCOMRAM 00000D
___aldiv@quotient                               cstackCOMRAM 000013
___aldiv@sign                                   cstackCOMRAM 000012
___fladd                                        text10       001A36
___fladd@a                                      cstackBANK0  00008B
___fladd@aexp                                   cstackBANK0  000094
___fladd@b                                      cstackBANK0  000087
___fladd@bexp                                   cstackBANK0  000095
___fladd@grs                                    cstackBANK0  000096
___fladd@signs                                  cstackBANK0  000093
___flmul                                        text9        001390
___flmul@a                                      cstackBANK0  000072
___flmul@aexp                                   cstackBANK0  00007F
___flmul@b                                      cstackBANK0  00006E
___flmul@bexp                                   cstackBANK0  000080
___flmul@grs                                    cstackBANK0  00007B
___flmul@prod                                   cstackBANK0  000081
___flmul@sign                                   cstackBANK0  00007A
___flmul@temp                                   cstackBANK0  000085
___fltol                                        text8        002A8E
___fltol@exp1                                   cstackBANK0  0000A0
___fltol@f1                                     cstackBANK0  000097
___fltol@sign1                                  cstackBANK0  00009F
___heap_hi                                      (abs)        000000
___heap_lo                                      (abs)        000000
___inthi_sp                                     stack        000000
___intlo_sp                                     stack        000000
___param_bank                                   (abs)        000000
___rparam_used                                  (abs)        000001
___sp                                           stack        000000
___xxtofl                                       text7        002544
___xxtofl@arg                                   cstackBANK0  00006A
___xxtofl@exp                                   cstackBANK0  000069
___xxtofl@sign                                  cstackBANK0  000068
___xxtofl@val                                   cstackBANK0  000060
__accesstop                                     (abs)        000060
__activetblptr                                  (abs)        000003
__end_of_ADCC_GetSingleConversion               text42       003334
__end_of_ADCC_Initialize                        text39       002F22
__end_of_EUSART1_DefaultErrorHandler            text84       003680
__end_of_EUSART1_DefaultFramingErrorHandler     text83       00369A
__end_of_EUSART1_DefaultOverrunErrorHandler     text82       00367A
__end_of_EUSART1_Initialize                     text33       002D3C
__end_of_EUSART1_Receive_ISR                    text81       002CA2
__end_of_EUSART1_RxDataHandler                  text85       0033E6
__end_of_EUSART1_SetErrorHandler                text38       003664
__end_of_EUSART1_SetFramingErrorHandler         text37       003656
__end_of_EUSART1_SetOverrunErrorHandler         text36       003648
__end_of_EUSART1_SetRxInterruptHandler          text35       00363A
__end_of_EUSART1_SetTxInterruptHandler          text34       00362C
__end_of_EUSART1_Transmit_ISR                   text80       003264
__end_of_I2C1_BusCollisionISR                   text79       003674
__end_of_I2C1_FunctionComplete                  text78       00350A
__end_of_I2C1_ISR                               text76       002544
__end_of_I2C1_Initialize                        text32       00316A
__end_of_I2C1_Stop                              text77       0030C4
__end_of_INTERRUPT_Initialize                   text31       003684
__end_of_INTERRUPT_InterruptManager             intcode      0000D2
__end_of_IOCAF5_DefaultInterruptHandler         text70       002ED6
__end_of_IOCAF5_ISR                             text69       00330C
__end_of_IOCAF5_SetInterruptHandler             text29       00361E
__end_of_IOCAF6_DefaultInterruptHandler         text68       003000
__end_of_IOCAF6_ISR                             text67       0032E2
__end_of_IOCAF6_SetInterruptHandler             text28       003610
__end_of_IOCAF7_DefaultInterruptHandler         text66       003698
__end_of_IOCAF7_ISR                             text65       0032B8
__end_of_IOCAF7_SetInterruptHandler             text27       003602
__end_of_IOCCF0_DefaultInterruptHandler         text60       002E86
__end_of_IOCCF0_ISR                             text59       00328E
__end_of_IOCCF0_SetInterruptHandler             text26       0035F4
__end_of_LED                                    text41       003084
__end_of_Motors                                 text40       003576
__end_of_OSCILLATOR_Initialize                  text30       003522
__end_of_PIN_MANAGER_IOC                        text58       003380
__end_of_PIN_MANAGER_Initialize                 text25       0028CC
__end_of_PMD_Initialize                         text24       003480
__end_of_PWM1_Initialize                        text23       00354E
__end_of_PWM1_LoadDutyValue                     text51       0033C4
__end_of_PWM2_Initialize                        text22       003538
__end_of_PWM2_LoadDutyValue                     text50       0033A2
__end_of_SYSTEM_Initialize                      text12       0030FE
__end_of_Speed_Motors                           text11       0035AE
__end_of_TMR0_DefaultInterruptHandler           text57       00358A
__end_of_TMR0_ISR                               text56       003236
__end_of_TMR0_Initialize                        text20       003042
__end_of_TMR0_SetInterruptHandler               text21       0035E6
__end_of_TMR1_DefaultInterruptHandler           text55       0034B8
__end_of_TMR1_ISR                               text54       0031D2
__end_of_TMR1_Initialize                        text18       002FB6
__end_of_TMR1_ReadTimer                         text75       003446
__end_of_TMR1_SetInterruptHandler               text19       0035D8
__end_of_TMR1_StartTimer                        text74       003694
__end_of_TMR1_StopTimer                         text73       003690
__end_of_TMR1_WriteTimer                        text72       0034F0
__end_of_TMR2_Initialize                        text17       003464
__end_of_TMR3_DefaultInterruptHandler           text53       00349C
__end_of_TMR3_ISR                               text52       00319E
__end_of_TMR3_Initialize                        text15       002F6C
__end_of_TMR3_ReadTimer                         text64       003426
__end_of_TMR3_SetInterruptHandler               text16       0035CA
__end_of_TMR3_StartTimer                        text63       00368C
__end_of_TMR3_StopTimer                         text62       003688
__end_of_TMR3_WriteTimer                        text61       0034D4
__end_of_TMR4_DefaultInterruptHandler           text45       0022F6
__end_of_TMR4_ISR                               text44       00335C
__end_of_TMR4_Initialize                        text13       003204
__end_of_TMR4_SetInterruptHandler               text14       0035BC
__end_of___aldiv                                text71       002A8E
__end_of___fladd                                text10       001D44
__end_of___flmul                                text9        0016E4
__end_of___fltol                                text8        002B4A
__end_of___xxtofl                               text7        002688
__end_of__initialization                        cinit        002E2C
__end_of_clearLCD                               text4        003406
__end_of_initLCD                                text3        0029C2
__end_of_lcdNibble                              text6        002DD0
__end_of_main                                   text0        001390
__end_of_millis                                 text2        00359C
__end_of_retroLCD                               text1        003562
__end_of_writeLCD                               text5        003134
__end_ofi2___fladd                              text49       002050
__end_ofi2___flmul                              text48       001A36
__end_ofi2___fltol                              text47       002C04
__end_ofi2___xxtofl                             text46       0027C8
__initialization                                cinit        002DD0
__mediumconst                                   mediumconst  000000
__pbssBANK0                                     bssBANK0     0000D5
__pbssBANK1                                     bssBANK1     000100
__pbssCOMRAM                                    bssCOMRAM    00004C
__pcinit                                        cinit        002DD0
__pcstackBANK0                                  cstackBANK0  000060
__pcstackCOMRAM                                 cstackCOMRAM 000001
__pdataBANK0                                    dataBANK0    0000FD
__pdataBANK1                                    dataBANK1    0001D9
__pidataBANK0                                   idataBANK0   003694
__pidataBANK1                                   idataBANK1   003664
__pintcode                                      intcode      000008
__pnvBANK1                                      nvBANK1      0001B2
__psmallconst                                   smallconst   000F00
__ptext0                                        text0        000F0A
__ptext1                                        text1        00354E
__ptext10                                       text10       001A36
__ptext11                                       text11       00359C
__ptext12                                       text12       0030C4
__ptext13                                       text13       0031D2
__ptext14                                       text14       0035AE
__ptext15                                       text15       002F22
__ptext16                                       text16       0035BC
__ptext17                                       text17       003446
__ptext18                                       text18       002F6C
__ptext19                                       text19       0035CA
__ptext2                                        text2        00358A
__ptext20                                       text20       003000
__ptext21                                       text21       0035D8
__ptext22                                       text22       003522
__ptext23                                       text23       003538
__ptext24                                       text24       003464
__ptext25                                       text25       0027C8
__ptext26                                       text26       0035E6
__ptext27                                       text27       0035F4
__ptext28                                       text28       003602
__ptext29                                       text29       003610
__ptext3                                        text3        0028CC
__ptext30                                       text30       00350A
__ptext31                                       text31       003680
__ptext32                                       text32       003134
__ptext33                                       text33       002CA2
__ptext34                                       text34       00361E
__ptext35                                       text35       00362C
__ptext36                                       text36       00363A
__ptext37                                       text37       003648
__ptext38                                       text38       003656
__ptext39                                       text39       002ED6
__ptext4                                        text4        0033E6
__ptext40                                       text40       003562
__ptext41                                       text41       003042
__ptext42                                       text42       00330C
__ptext44                                       text44       003334
__ptext45                                       text45       002050
__ptext46                                       text46       002688
__ptext47                                       text47       002B4A
__ptext48                                       text48       0016E4
__ptext49                                       text49       001D44
__ptext5                                        text5        0030FE
__ptext50                                       text50       003380
__ptext51                                       text51       0033A2
__ptext52                                       text52       00316A
__ptext53                                       text53       003480
__ptext54                                       text54       00319E
__ptext55                                       text55       00349C
__ptext56                                       text56       003204
__ptext57                                       text57       003576
__ptext58                                       text58       00335C
__ptext59                                       text59       003264
__ptext6                                        text6        002D3C
__ptext60                                       text60       002E36
__ptext61                                       text61       0034B8
__ptext62                                       text62       003684
__ptext63                                       text63       003688
__ptext64                                       text64       003406
__ptext65                                       text65       00328E
__ptext66                                       text66       003696
__ptext67                                       text67       0032B8
__ptext68                                       text68       002FB6
__ptext69                                       text69       0032E2
__ptext7                                        text7        002544
__ptext70                                       text70       002E86
__ptext71                                       text71       0029C2
__ptext72                                       text72       0034D4
__ptext73                                       text73       00368C
__ptext74                                       text74       003690
__ptext75                                       text75       003426
__ptext76                                       text76       0022F6
__ptext77                                       text77       003084
__ptext78                                       text78       0034F0
__ptext79                                       text79       00366E
__ptext8                                        text8        002A8E
__ptext80                                       text80       003236
__ptext81                                       text81       002C04
__ptext82                                       text82       003674
__ptext83                                       text83       003698
__ptext84                                       text84       00367A
__ptext85                                       text85       0033C4
__ptext86                                       text86       000000
__ptext9                                        text9        001390
__ramtop                                        ramtop       000F00
__smallconst                                    smallconst   000F00
_ancien_dutyValue_D                             dataBANK1    0001DC
_ancien_dutyValue_G                             dataBANK0    0000FD
_clearLCD                                       text4        0033E6
_dutyValue_D                                    bssCOMRAM    00004C
_dutyValue_G                                    bssCOMRAM    00004E
_eusart1RxBuffer                                bssBANK1     000108
_eusart1RxCount                                 bssCOMRAM    000052
_eusart1RxHead                                  bssBANK0     0000F9
_eusart1RxLastError                             bssBANK0     0000F8
_eusart1RxStatusBuffer                          bssBANK1     000100
_eusart1RxTail                                  bssCOMRAM    000053
_eusart1TxBuffer                                bssBANK1     000110
_eusart1TxBufferRemaining                       bssBANK0     0000FA
_eusart1TxHead                                  bssBANK0     0000FC
_eusart1TxTail                                  bssBANK0     0000FB
_i2c1_object                                    bssBANK0     0000D5
_i2c1_state                                     bssCOMRAM    000057
_i2c1_tr_queue                                  bssBANK1     0001AD
_i2c1_trb_count                                 bssCOMRAM    000056
_initLCD                                        text3        0028CC
_laserAddresses                                 dataBANK1    0001D9
_lcdNibble                                      text6        002D3C
_main                                           text0        000F0A
_main$5531                                      cstackBANK0  0000A9
_main$5532                                      cstackBANK0  0000AD
_main$5533                                      cstackBANK0  0000B1
_main$5534                                      cstackBANK0  0000B5
_millis                                         text2        00358A
_millisec                                       bssCOMRAM    000050
_millisec_32bits                                bssBANK1     000128
_p_i2c1_current                                 bssBANK0     0000F0
_p_i2c1_trb_current                             bssBANK0     0000F2
_retroLCD                                       text1        00354E
_selection                                      bssBANK1     00012C
_timer0ReloadVal16bit                           bssBANK0     0000EC
_timer1ReloadVal                                bssBANK0     0000DE
_timer3ReloadVal                                bssBANK0     0000DC
_vl53l0xDev                                     bssBANK1     00012E
_writeLCD                                       text5        0030FE
btemp                                           temp         00005A
end_of_initialization                           cinit        002E2C
i2___fladd                                      text49       001D44
i2___fladd@a                                    cstackCOMRAM 00002C
i2___fladd@aexp                                 cstackCOMRAM 000035
i2___fladd@b                                    cstackCOMRAM 000028
i2___fladd@bexp                                 cstackCOMRAM 000036
i2___fladd@grs                                  cstackCOMRAM 000037
i2___fladd@signs                                cstackCOMRAM 000034
i2___flmul                                      text48       0016E4
i2___flmul@a                                    cstackCOMRAM 000013
i2___flmul@aexp                                 cstackCOMRAM 000020
i2___flmul@b                                    cstackCOMRAM 00000F
i2___flmul@bexp                                 cstackCOMRAM 000021
i2___flmul@grs                                  cstackCOMRAM 00001C
i2___flmul@prod                                 cstackCOMRAM 000022
i2___flmul@sign                                 cstackCOMRAM 00001B
i2___flmul@temp                                 cstackCOMRAM 000026
i2___fltol                                      text47       002B4A
i2___fltol@exp1                                 cstackCOMRAM 000041
i2___fltol@f1                                   cstackCOMRAM 000038
i2___fltol@sign1                                cstackCOMRAM 000040
i2___xxtofl                                     text46       002688
i2___xxtofl@arg                                 cstackCOMRAM 00000B
i2___xxtofl@exp                                 cstackCOMRAM 00000A
i2___xxtofl@sign                                cstackCOMRAM 000009
i2___xxtofl@val                                 cstackCOMRAM 000001
int$flags                                       temp         00005A
intlevel0                                       text         000000
intlevel1                                       text         000000
intlevel2                                       text         000000
intlevel3                                       text         000000
isa$std                                         (abs)        000001
isa$xinst                                       (abs)        000000
lcdNibble@nibble                                cstackBANK0  000061
main@aValCenter                                 cstackBANK0  0000B9
main@aValLeft                                   cstackBANK0  0000D1
main@aValRight                                  cstackBANK0  0000CF
main@coefD                                      cstackBANK0  0000C3
main@coefI                                      cstackBANK0  0000C7
main@coefP                                      cstackBANK0  0000BF
main@elapsed_100ms                              cstackBANK0  0000BB
main@error                                      cstackBANK0  0000D3
main@integralError                              cstackBANK0  0000CD
main@lastError                                  cstackBANK0  0000CB
retroLCD@on_off                                 cstackBANK0  000060
stackhi                                         (abs)        000000
stacklo                                         (abs)        000000
start                                           init         0000D2
start_initialization                            cinit        002DD0
ttemp5                                          temp         00005B
ttemp6                                          temp         00005E
ttemp7                                          temp         000062
writeLCD@byte                                   cstackBANK0  000063
writeLCD@type                                   cstackBANK0  000062
wtemp8                                          temp         00005B


MODULE INFORMATION

Module		Function		Class		Link	Load	Size
drivers/LCD.c
		_lcdNibble     		CODE           	2D3C	0000	148
		_retroLCD      		CODE           	354E	0000	20
		_writeLCD      		CODE           	30FE	0000	54
		_initLCD       		CODE           	28CC	0000	246
		_clearLCD      		CODE           	33E6	0000	32

drivers/LCD.c estimated size: 500

C:\Program Files\Microchip\xc8\v2.41\pic\sources\c99\common\fltol.c
		___fltol       		CODE           	2A8E	0000	188

C:\Program Files\Microchip\xc8\v2.41\pic\sources\c99\common\fltol.c estimated size: 188

mcc_generated_files/tmr4.c
		_TMR4_ISR      		CODE           	3334	0000	40
		_TMR4_Initialize		CODE           	31D2	0000	50
		_TMR4_SetInterruptHandler		CODE           	35AE	0000	14
		_TMR4_DefaultInterruptHandler		CODE           	2050	0000	678

mcc_generated_files/tmr4.c estimated size: 782

C:\Program Files\Microchip\xc8\v2.41\pic\sources\c99\common\xxtofl.c
		___xxtofl      		CODE           	2544	0000	324

C:\Program Files\Microchip\xc8\v2.41\pic\sources\c99\common\xxtofl.c estimated size: 324

mcc_generated_files/tmr2.c
		_TMR2_Initialize		CODE           	3446	0000	30

mcc_generated_files/tmr2.c estimated size: 30

mcc_generated_files/interrupt_manager.c
		_INTERRUPT_Initialize		CODE           	3680	0000	4
		_INTERRUPT_InterruptManager		CODE           	0008	0000	202

mcc_generated_files/interrupt_manager.c estimated size: 206

mcc_generated_files/pwm2.c
		_PWM2_Initialize		CODE           	3522	0000	22
		_PWM2_LoadDutyValue		CODE           	3380	0000	34

mcc_generated_files/pwm2.c estimated size: 56

mcc_generated_files/tmr0.c
		_TMR0_SetInterruptHandler		CODE           	35D8	0000	14
		_TMR0_DefaultInterruptHandler		CODE           	3576	0000	20
		_TMR0_ISR      		CODE           	3204	0000	50
		_TMR0_Initialize		CODE           	3000	0000	66

mcc_generated_files/tmr0.c estimated size: 150

mcc_generated_files/i2c1.c
		_I2C1_BusCollisionISR		CODE           	366E	0000	6
		_I2C1_FunctionComplete		CODE           	34F0	0000	26
		_I2C1_ISR      		CODE           	22F6	0000	590
		_I2C1_Initialize		CODE           	3134	0000	54
		_I2C1_Stop     		CODE           	3084	0000	64

mcc_generated_files/i2c1.c estimated size: 740

mcc_generated_files/pin_manager.c
		_IOCAF6_ISR    		CODE           	32B8	0000	42
		_IOCAF5_SetInterruptHandler		CODE           	3610	0000	14
		_IOCCF0_DefaultInterruptHandler		CODE           	2E36	0000	80
		_PIN_MANAGER_Initialize		CODE           	27C8	0000	260
		_IOCCF0_ISR    		CODE           	3264	0000	42
		_IOCAF7_DefaultInterruptHandler		CODE           	3696	0000	2
		_IOCAF7_ISR    		CODE           	328E	0000	42
		_IOCAF6_SetInterruptHandler		CODE           	3602	0000	14
		_IOCCF0_SetInterruptHandler		CODE           	35E6	0000	14
		_IOCAF5_DefaultInterruptHandler		CODE           	2E86	0000	80
		_IOCAF5_ISR    		CODE           	32E2	0000	42
		_PIN_MANAGER_IOC		CODE           	335C	0000	36
		_IOCAF7_SetInterruptHandler		CODE           	35F4	0000	14
		_IOCAF6_DefaultInterruptHandler		CODE           	2FB6	0000	74

mcc_generated_files/pin_manager.c estimated size: 756

C:\Program Files\Microchip\xc8\v2.41\pic\sources\c99\common\sprcadd.c
		___fladd       		CODE           	1A36	0000	782

C:\Program Files\Microchip\xc8\v2.41\pic\sources\c99\common\sprcadd.c estimated size: 782

C:\Program Files\Microchip\xc8\v2.41\pic\sources\c99\common\aldiv.c
		___aldiv       		CODE           	29C2	0000	204

C:\Program Files\Microchip\xc8\v2.41\pic\sources\c99\common\aldiv.c estimated size: 204

shared
		i2___fladd     		CODE           	1D44	0000	780
		i2___fltol     		CODE           	2B4A	0000	186
		__initialization		CODE           	2DD0	0000	92
		i2___flmul     		CODE           	16E4	0000	850
		i2___xxtofl    		CODE           	2688	0000	320

shared estimated size: 2228

mcc_generated_files/eusart1.c
		_EUSART1_SetRxInterruptHandler		CODE           	362C	0000	14
		_EUSART1_SetTxInterruptHandler		CODE           	361E	0000	14
		_EUSART1_Initialize		CODE           	2CA2	0000	154
		_EUSART1_DefaultErrorHandler		CODE           	367A	0000	6
		_EUSART1_SetFramingErrorHandler		CODE           	3648	0000	14
		_EUSART1_SetOverrunErrorHandler		CODE           	363A	0000	14
		_EUSART1_SetErrorHandler		CODE           	3656	0000	14
		_EUSART1_Receive_ISR		CODE           	2C04	0000	158
		_EUSART1_RxDataHandler		CODE           	33C4	0000	34
		_EUSART1_DefaultOverrunErrorHandler		CODE           	3674	0000	6
		_EUSART1_Transmit_ISR		CODE           	3236	0000	46
		_EUSART1_DefaultFramingErrorHandler		CODE           	3698	0000	2

mcc_generated_files/eusart1.c estimated size: 476

mcc_generated_files/mcc.c
		_PMD_Initialize		CODE           	3464	0000	28
		_OSCILLATOR_Initialize		CODE           	350A	0000	24
		_SYSTEM_Initialize		CODE           	30C4	0000	58

mcc_generated_files/mcc.c estimated size: 110

mcc_generated_files/tmr3.c
		_TMR3_ISR      		CODE           	316A	0000	52
		_TMR3_Initialize		CODE           	2F22	0000	74
		_TMR3_SetInterruptHandler		CODE           	35BC	0000	14
		_TMR3_StopTimer		CODE           	3684	0000	4
		_TMR3_DefaultInterruptHandler		CODE           	3480	0000	28
		_TMR3_WriteTimer		CODE           	34B8	0000	28
		_TMR3_StartTimer		CODE           	3688	0000	4
		_TMR3_ReadTimer		CODE           	3406	0000	32

mcc_generated_files/tmr3.c estimated size: 236

mcc_generated_files/tmr1.c
		_TMR1_Initialize		CODE           	2F6C	0000	74
		_TMR1_SetInterruptHandler		CODE           	35CA	0000	14
		_TMR1_StopTimer		CODE           	368C	0000	4
		_TMR1_DefaultInterruptHandler		CODE           	349C	0000	28
		_TMR1_WriteTimer		CODE           	34D4	0000	28
		_TMR1_StartTimer		CODE           	3690	0000	4
		_TMR1_ReadTimer		CODE           	3426	0000	32
		_TMR1_ISR      		CODE           	319E	0000	52

mcc_generated_files/tmr1.c estimated size: 236

mcc_generated_files/pwm1.c
		_PWM1_Initialize		CODE           	3538	0000	22
		_PWM1_LoadDutyValue		CODE           	33A2	0000	34

mcc_generated_files/pwm1.c estimated size: 56

commandes.c
		_millis        		CODE           	358A	0000	18
		_LED           		CODE           	3042	0000	66
		_Speed_Motors  		CODE           	359C	0000	18
		_Motors        		CODE           	3562	0000	20

commandes.c estimated size: 122

mcc_generated_files/adcc.c
		_ADCC_GetSingleConversion		CODE           	330C	0000	40
		_ADCC_Initialize		CODE           	2ED6	0000	76

mcc_generated_files/adcc.c estimated size: 116

main.c
		_main          		CODE           	0F0A	0000	1158

main.c estimated size: 1158

C:\Program Files\Microchip\xc8\v2.41\pic\sources\c99\common\sprcmul.c
		___flmul       		CODE           	1390	0000	852

C:\Program Files\Microchip\xc8\v2.41\pic\sources\c99\common\sprcmul.c estimated size: 852

